Linux version 3.4.112 (padavan@hms) (gcc version 4.4.7 (GCC) ) #28 SMP Wed Jun 15 23:24:04 HKT 2016

MediaTek SoC: MT7621A, RevID: 0103, RAM: DDR3, XTAL: 40MHz
CPU/OCP/SYS frequency: 880/293/220 MHz
CPU revision is: 0001992f (MIPS 1004Kc)
Determined physical RAM map:
 memory: 10000000 @ 00000000 (usable)
Zone PFN ranges:
  Normal   0x00000000 -> 0x00010000
Movable zone start PFN for each node
Early memory PFN ranges
    0: 0x00000000 -> 0x00010000
On node 0 totalpages: 65536
free_area_init_node: node 0, pgdat 80398880, node_mem_map 81000000
  Normal zone: 512 pages used for memmap
  Normal zone: 0 pages reserved
  Normal zone: 65024 pages, LIFO batch:15
Detected 1 available secondary CPU(s)
Primary instruction cache 32kB, VIPT, 4-way, linesize 32 bytes.
Primary data cache 32kB, 4-way, PIPT, no aliases, linesize 32 bytes
MIPS secondary cache 256kB, 8-way, linesize 32 bytes.
PERCPU: Embedded 7 pages/cpu @81203000 s5952 r8192 d14528 u32768
pcpu-alloc: s5952 r8192 d14528 u32768 alloc=8*4096
pcpu-alloc: [0] 0 [0] 1 
Built 1 zonelists in Zone order, mobility grouping on.  Total pages: 65024
Kernel command line: console=ttyS0,57600n8 root=/dev/mtdblock4 rootfstype=squashfs
PID hash table entries: 1024 (order: 0, 4096 bytes)
Dentry cache hash table entries: 32768 (order: 5, 131072 bytes)
Inode-cache hash table entries: 16384 (order: 4, 65536 bytes)
Writing ErrCtl register=00000000
Readback ErrCtl register=00000000
Memory: 255808k/262144k available (3095k kernel code, 6336k reserved, 584k data, 220k init, 0k highmem)
Hierarchical RCU implementation.
NR_IRQS:72
MIPS GIC RevID: 3.0
Setting up vectored interrupts
console [ttyS0] enabled
Calibrating delay loop... 577.53 BogoMIPS (lpj=1155072)
pid_max: default: 32768 minimum: 301
Mount-cache hash table entries: 512
Primary instruction cache 32kB, VIPT, 4-way, linesize 32 bytes.
Primary data cache 32kB, 4-way, PIPT, no aliases, linesize 32 bytes
MIPS secondary cache 256kB, 8-way, linesize 32 bytes.
CPU revision is: 0001992f (MIPS 1004Kc)
Synchronize counters for CPU 1: done.
Brought up 2 CPUs
NET: Registered protocol family 16
FPU Affinity set after 3504 emulations
bio: create slab <bio-0> at 0
SCSI subsystem initialized
usbcore: registered new interface driver usbfs
usbcore: registered new interface driver hub
usbcore: registered new device driver usb
PCI host bridge to bus 0000:00
pci_bus 0000:00: root bus resource [mem 0x60000000-0x6fffffff]
pci_bus 0000:00: root bus resource [io  0x1e160000-0x1e16ffff]
pci 0000:00:00.0: [0e8d:0801] type 01 class 0x060400
pci 0000:00:00.0: supports D1
pci 0000:00:00.0: PME# supported from D0 D1 D3hot
pci 0000:00:01.0: [0e8d:0801] type 01 class 0x060400
pci 0000:00:01.0: supports D1
pci 0000:00:01.0: PME# supported from D0 D1 D3hot
pci 0000:00:00.0: bridge configuration invalid ([bus 00-00]), reconfiguring
pci 0000:00:01.0: bridge configuration invalid ([bus 00-00]), reconfiguring
pci 0000:01:00.0: [14c3:7662] type 00 class 0x028000
pci 0000:01:00.0: reg 0x10: [mem 0x00000000-0x000fffff 64bit]
pci 0000:01:00.0: reg 0x30: [mem 0x00000000-0x0000ffff pref]
pci 0000:01:00.0: PME# supported from D0 D3hot D3cold
pci 0000:02:00.0: [14c3:7662] type 00 class 0x028000
pci 0000:02:00.0: reg 0x10: [mem 0x00000000-0x000fffff 64bit]
pci 0000:02:00.0: reg 0x30: [mem 0x00000000-0x0000ffff pref]
pci 0000:02:00.0: PME# supported from D0 D3hot D3cold
pci 0000:00:00.0: BAR 8: assigned [mem 0x60000000-0x600fffff]
pci 0000:00:00.0: BAR 9: assigned [mem 0x60100000-0x601fffff pref]
pci 0000:00:01.0: BAR 8: assigned [mem 0x60200000-0x602fffff]
pci 0000:00:01.0: BAR 9: assigned [mem 0x60300000-0x603fffff pref]
pci 0000:01:00.0: BAR 0: assigned [mem 0x60000000-0x600fffff 64bit]
pci 0000:01:00.0: BAR 6: assigned [mem 0x60100000-0x6010ffff pref]
pci 0000:00:00.0: PCI bridge to [bus 01-01]
pci 0000:00:00.0:   bridge window [mem 0x60000000-0x600fffff]
pci 0000:00:00.0:   bridge window [mem 0x60100000-0x601fffff pref]
pci 0000:02:00.0: BAR 0: assigned [mem 0x60200000-0x602fffff 64bit]
pci 0000:02:00.0: BAR 6: assigned [mem 0x60300000-0x6030ffff pref]
pci 0000:00:01.0: PCI bridge to [bus 02-02]
pci 0000:00:01.0:   bridge window [mem 0x60200000-0x602fffff]
pci 0000:00:01.0:   bridge window [mem 0x60300000-0x603fffff pref]
PCI: Enabling device 0000:00:00.0 (0000 -> 0002)
PCI: Enabling device 0000:00:01.0 (0000 -> 0002)
Switching to clocksource MIPS
NET: Registered protocol family 2
IP route cache hash table entries: 2048 (order: 1, 8192 bytes)
TCP established hash table entries: 8192 (order: 4, 65536 bytes)
TCP bind hash table entries: 8192 (order: 4, 65536 bytes)
TCP: Hash tables configured (established 8192 bind 8192)
TCP: reno registered
UDP hash table entries: 128 (order: 0, 4096 bytes)
NET: Registered protocol family 1
PCI: CLS 32 bytes, default 32
2 CPUs re-calibrate udelay (lpj = 1167360)
squashfs: version 4.0 (2009/01/31) Phillip Lougher
msgmni has been set to 499
io scheduler noop registered (default)
Serial: 8250/16550 driver, 1 ports, IRQ sharing disabled
serial8250: ttyS0 at MMIO 0x1e000c00 (irq = 34) is a 16550A
Ralink GPIO driver initialized. Number of GPIO: 64, GPIO mode: 000A05A8
Ralink I2C driver initialized.
loop: module loaded
MediaTek NAND driver init, version v2.1
MTK NFI: NAND ID [2C F1, 80 95 04 00]
MTK NFI: NAND chip found in MTK table: MT29F1G08ABAEA
NAND device: Manufacturer ID: 0x2c, Chip ID: 0xf1 (Micron NAND 128MiB 3,3V 8-bit), 128MiB, page size: 2048, OOB size: 64
Scanning device for bad blocks
MTK NFI: success load FACT_BBT from block 1023
Creating 8 MTD partitions on "MT7621-NAND":
0x000000000000-0x000000100000 : "Bootloader"
0x000000200000-0x000000280000 : "Config"
0x000000300000-0x000000380000 : "Factory"
0x000000400000-0x000000e00000 : "Linux"
0x000001000000-0x000001f00000 : "RootFS"
0x000002000000-0x000002400000 : "Storage"
0x000002600000-0x000002e00000 : "RWFS"
0x000003000000-0x000003c00000 : "Firmware_Stub"
tun: Universal TUN/TAP device driver, 1.6
tun: (C) 1999-2004 Max Krasnyansky <maxk@qualcomm.com>
Ralink APSoC Ethernet Driver v3.2.4 (raeth)
raeth: PDMA RX ring 512, QDMA TX pool 1024. Max packet size 1536
raeth: NAPI & GRO support, weight 64
raeth: Byte Queue Limits (BQL) support
PPP generic driver version 2.4.2
PPP MPPE Compression module registered
NET: Registered protocol family 24
PPTP driver version 0.8.5
usbcore: registered new interface driver libusual
nf_conntrack version 0.5.0 (32768 buckets, 32768 max)
xt_time: kernel timezone is -0000
Bridge firewalling registered
gre: GRE over IPv4 demultiplexor driver
ip_tables: (C) 2000-2006 Netfilter Core Team
TCP: cubic registered
NET: Registered protocol family 10
ip6_tables: (C) 2000-2006 Netfilter Core Team
IPv6 over IPv4 tunneling driver
NET: Registered protocol family 17
L2TP core driver, V2.0
PPPoL2TP kernel driver, V2.0
8021q: 802.1Q VLAN Support v1.8
ASUS NVRAM, v0.08. Available space: 131072. Integrity: OK
VFS: Mounted root (squashfs filesystem) readonly on device 31:4.
Freeing unused kernel memory: 220k freed
Algorithmics/MIPS FPU Emulator v1.5
PCI: Enabling device 0000:01:00.0 (0000 -> 0002)
MT76x2 AP Driver version: 3.0.4.0.P1
PCI: Enabling device 0000:02:00.0 (0000 -> 0002)
MT76x2 AP Driver version: 3.0.4.0.P1
usbcore: registered new interface driver usblp
Initializing USB Mass Storage driver...
usbcore: registered new interface driver usb-storage
USB Mass Storage support registered.
U2PHY P0 set SRCTRL calibration value: 3
U2PHY P1 set SRCTRL calibration value: 3
xhci-hcd xhci-hcd: xHCI Host Controller
xhci-hcd xhci-hcd: new USB bus registered, assigned bus number 1
xhci-hcd xhci-hcd: irq 30, io mem 0x1e1c0000
usb usb1: New USB device found, idVendor=1d6b, idProduct=0002
usb usb1: Product: xHCI Host Controller
usb usb1: Manufacturer: Linux 3.4.112 xhci-hcd
usb usb1: SerialNumber: xhci-hcd
xHCI xhci_add_endpoint called for root hub
xHCI xhci_check_bandwidth called for root hub
hub 1-0:1.0: USB hub found
hub 1-0:1.0: 2 ports detected
xhci-hcd xhci-hcd: xHCI Host Controller
xhci-hcd xhci-hcd: new USB bus registered, assigned bus number 2
usb usb2: New USB device found, idVendor=1d6b, idProduct=0003
usb usb2: Product: xHCI Host Controller
usb usb2: Manufacturer: Linux 3.4.112 xhci-hcd
usb usb2: SerialNumber: xhci-hcd
xHCI xhci_add_endpoint called for root hub
xHCI xhci_check_bandwidth called for root hub
hub 2-0:1.0: USB hub found
hub 2-0:1.0: 1 port detected
usb 2-1: new SuperSpeed USB device number 2 using xhci-hcd
raeth: HW IP/TCP/UDP checksum RX/TX offload enabled
raeth: HW VLAN RX offload enabled
raeth: HW VLAN TX offload enabled
raeth: HW Scatter/Gather TX offload enabled
raeth: HW TCP segmentation offload (TSO) enabled
mtk_esw - hw bridge: W|LLLL
usb 2-1: New USB device found, idVendor=05e3, idProduct=0735
usb 2-1: Product: USB3.0 SATA Bridge
usb 2-1: Manufacturer: USB Storage
usb 2-1: SerialNumber: 0000000000000033
scsi0 : usb-storage 2-1:1.0
mtk_esw - jumbo frames accept: 9000 bytes
mtk_esw - set broadcast storm control rate as: 10 mbps
device eth2 entered promiscuous mode
 ch36 bssid=cc:81:da:00:3e:50
 ch36 bssid=94:b4:0f:cb:4e:90
 ch36 bssid=94:b4:0f:cb:4e:91
 ch36 bssid=94:b4:0f:cb:4e:92
 ch36 bssid=94:b4:0f:cb:4e:93
 ch40 bssid=d0:ee:07:44:c1:9e
 ch40 bssid=38:fa:ca:e5:e3:ec
 ch44 bssid=8c:be:be:44:43:b5
=====================================================
Channel 36 : Dirty = 414, False CCA = 370, Busy Time = 0, Skip Channel = FALSE
Channel 40 : Dirty = 332, False CCA = 706, Busy Time = 0, Skip Channel = FALSE
Channel 44 : Dirty = 134, False CCA = 645, Busy Time = 0, Skip Channel = FALSE
Channel 48 : Dirty = 32, False CCA = 146, Busy Time = 0, Skip Channel = FALSE
=====================================================
Rule 2 CCA value : Min False CCA value ==> Select Channel 36, min falsecca = 2779 
device rai0 entered promiscuous mode
scsi 0:0:0:0: Direct-Access     Genesys  USB3/SATA Bridge 1003 PQ: 0 ANSI: 6
sd 0:0:0:0: [sda] Test WP failed, assume Write Enabled
sd 0:0:0:0: [sda] Asking for cache data failed
sd 0:0:0:0: [sda] Assuming drive cache: write through
sd 0:0:0:0: Attached scsi generic sg0 type 0
sd 0:0:0:0: [sda] Test WP failed, assume Write Enabled
sd 0:0:0:0: [sda] Asking for cache data failed
sd 0:0:0:0: [sda] Assuming drive cache: write through
sd 0:0:0:0: [sda] Attached SCSI disk
 ch1 bssid=00:0c:02:44:00:00
 ch1 bssid=00:0c:02:44:00:01
 ch1 bssid=00:1f:c6:92:af:e4
 ch6 bssid=d0:c7:c0:d4:6c:44
 ch6 bssid=00:23:68:28:99:1e
 ch6 bssid=00:23:68:28:99:1c
 ch8 bssid=00:10:18:53:57:b2
 ch11 bssid=88:25:93:48:4e:86
 ch11 bssid=a0:63:91:c9:d0:bb
 ch11 bssid=8c:ab:8e:8c:6c:b0
 ch13 bssid=d0:c7:c0:26:eb:00
=====================================================
Channel 1 : Dirty = 210, False CCA = 11, Busy Time = 0, Skip Channel = FALSE
Channel 2 : Dirty = 156, False CCA = 0, Busy Time = 0, Skip Channel = FALSE
Channel 3 : Dirty = 156, False CCA = 49, Busy Time = 0, Skip Channel = FALSE
Channel 4 : Dirty = 176, False CCA = 12, Busy Time = 0, Skip Channel = FALSE
Channel 5 : Dirty = 180, False CCA = 43, Busy Time = 0, Skip Channel = FALSE
Channel 6 : Dirty = 238, False CCA = 1608, Busy Time = 0, Skip Channel = FALSE
Channel 7 : Dirty = 188, False CCA = 3, Busy Time = 0, Skip Channel = FALSE
Channel 8 : Dirty = 226, False CCA = 1806, Busy Time = 0, Skip Channel = FALSE
Channel 9 : Dirty = 208, False CCA = 27, Busy Time = 0, Skip Channel = FALSE
Channel 10 : Dirty = 208, False CCA = 42, Busy Time = 0, Skip Channel = FALSE
Channel 11 : Dirty = 262, False CCA = 8, Busy Time = 0, Skip Channel = FALSE
Channel 12 : Dirty = 148, False CCA = 186, Busy Time = 0, Skip Channel = FALSE
Channel 13 : Dirty = 154, False CCA = 120, Busy Time = 0, Skip Channel = FALSE
=====================================================
Rule 1 CCA value : Min Dirtiness (Include extension channel) ==> Select Channel 3 
Min Dirty = 344
ExChannel = 7 , 0
BW        = 40
device ra0 entered promiscuous mode
br0: port 3(ra0) entered forwarding state
br0: port 3(ra0) entered forwarding state
br0: port 2(rai0) entered forwarding state
br0: port 2(rai0) entered forwarding state
br0: port 1(eth2) entered forwarding state
br0: port 1(eth2) entered forwarding state
mtk_esw - software IGMP/MLD snooping: 1
eth3: ===> VirtualIF_open
Ralink HW NAT v2.52.0 Module Enabled, FoE Size: 16384
br0: port 3(ra0) entered forwarding state
br0: port 2(rai0) entered forwarding state
br0: port 1(eth2) entered forwarding state

